repaired ensemble: 10 distinct ICs, max|div| 2.78e-15 -> 4.44e-15, n_state=18844
phase-jitter-only ensemble (Stage E recipe): 8 distinct ICs
repaired forward pass done (48 s)
phase-jitter forward pass done (67 s)
========================================================================
STAGE E2 OBSERVABILITY  (L=60 instants, q=16, sigma_p=0.0472)
========================================================================
pressure  s (sigma_p units): [1.924e+01 1.157e+01 7.639e+00 6.482e+00 4.836e+00 2.670e+00 2.471e+00
 1.945e+00 1.846e+00 1.317e+00 1.191e+00 8.941e-01 8.487e-01 6.106e-01
 5.172e-01 7.352e-08]
state     s (relative)     : [1.    0.345 0.251 0.2   0.19  0.122 0.11  0.095 0.084 0.08  0.067 0.06
 0.056 0.05  0.048 0.   ]
synth null (relative)      : [1.000e+00 9.918e-01 9.692e-01 9.655e-01 9.611e-01 9.575e-01 9.486e-01
 9.428e-01 9.368e-01 9.363e-01 9.255e-01 9.199e-01 9.176e-01 9.118e-01
 8.983e-01 2.474e-08]
Stage E orig (relative)    : [1.000e+00 7.436e-02 4.781e-03 3.854e-04 1.887e-05 1.575e-06 6.304e-08
 3.748e-15 6.628e-18 1.205e-19 1.511e-20 3.197e-21 1.708e-22 1.036e-33
 1.446e-41 2.627e-81]
visibility per state dir   : [1.600e+01 1.168e+01 1.140e+01 6.586e+00 5.192e+00 4.155e+00 2.244e+00
 2.818e+00 1.707e+00 2.020e+00 1.966e+00 2.168e+00 2.597e+00 2.640e+00
 1.266e+00 3.781e-08]
------------------------------------------------------------------------
{
 "L_windows": 60,
 "q": 16,
 "sigma_p": 0.0472,
 "n_state": 18844,
 "n_eff": {
  "pressure_repaired": 2.65568394268171,
  "state_repaired": 1.7144520882859522,
  "randproj": 1.8953098164013242,
  "pressure_jitter_only": 1.0099776941422718,
  "state_jitter_only": 1.01324962798764,
  "synthetic_null": 14.946836588100847
 },
 "n_directions_pressure_above_1sigma": 11,
 "n_directions_visibility_above_1": 15,
 "n_directions_pressure_above_gramfloor": 15,
 "n_directions_state_above_gramfloor": 15,
 "n_directions_synthetic_above_gramfloor": 16,
 "n_directions_stageE_above_relfloor": 7
}
floors: {
 "pressure": {
  "svd_floor": 1.8723724279672033e-13,
  "gram_floor": 2.8676194020139405e-07,
  "eps": 2.220446049250313e-16
 },
 "state": {
  "svd_floor": 9.505676284103894e-12,
  "gram_floor": 5.999302139196051e-07,
  "eps": 2.220446049250313e-16
 },
 "synthetic": {
  "svd_floor": 2.5015136910779786e-12,
  "gram_floor": 1.0836203456250263e-06,
  "eps": 2.220446049250313e-16
 }
}
Wrote /Users/mohammedhilal/Desktop/try/ModalPINN2.0/enkf_pressure_only/experiments/stage_e2_observability.npz  (67 s)
